--------------------------------------------------------------------------------
Release 14.7 Trace  (nt64)
Copyright (c) 1995-2013 Xilinx, Inc.  All rights reserved.

C:\Xilinx\14.7\ISE_DS\ISE\bin\nt64\unwrapped\trce.exe -intstyle ise -v 3 -s 3
-n 3 -fastpaths -xml atlysWrapperDebugUDPStack.twx
atlysWrapperDebugUDPStack.ncd -o atlysWrapperDebugUDPStack.twr
atlysWrapperDebugUDPStack.pcf -ucf AtlysGeneralBasic.ucf

Design file:              atlysWrapperDebugUDPStack.ncd
Physical constraint file: atlysWrapperDebugUDPStack.pcf
Device,package,speed:     xc6slx45,csg324,C,-3 (PRODUCTION 1.23 2013-10-13)
Report level:             verbose report

Environment Variable      Effect 
--------------------      ------ 
NONE                      No environment variables were set
--------------------------------------------------------------------------------

INFO:Timing:2698 - No timing constraints found, doing default enumeration.
INFO:Timing:3412 - To improve timing, see the Timing Closure User Guide (UG612).
INFO:Timing:2752 - To get complete path coverage, use the unconstrained paths 
   option. All paths that are not constrained will be reported in the 
   unconstrained paths section(s) of the report.
INFO:Timing:3339 - The clock-to-out numbers in this timing report are based on 
   a 50 Ohm transmission line loading model.  For the details of this model, 
   and for more information on accounting for different loading conditions, 
   please see the device datasheet.



Data Sheet report:
-----------------
All values displayed in nanoseconds (ns)

Setup/Hold to clock phyrxclk
------------+------------+------------+------------+------------+-------------------+--------+
            |Max Setup to|  Process   |Max Hold to |  Process   |                   | Clock  |
Source      | clk (edge) |   Corner   | clk (edge) |   Corner   |Internal Clock(s)  | Phase  |
------------+------------+------------+------------+------------+-------------------+--------+
BTN<0>      |    1.938(R)|      SLOW  |   -0.533(R)|      SLOW  |phygtxclk_OBUF_BUFG|   0.000|
BTN<5>      |    1.454(R)|      SLOW  |    0.029(R)|      SLOW  |phygtxclk_OBUF_BUFG|   0.000|
phyRXD<0>   |    0.351(R)|      FAST  |    0.396(R)|      SLOW  |phygtxclk_OBUF_BUFG|   0.000|
phyRXD<1>   |    0.412(R)|      FAST  |    0.325(R)|      SLOW  |phygtxclk_OBUF_BUFG|   0.000|
phyRXD<2>   |    1.068(R)|      SLOW  |   -0.561(R)|      SLOW  |phygtxclk_OBUF_BUFG|   0.000|
phyRXD<3>   |    3.085(R)|      SLOW  |   -1.933(R)|      FAST  |phygtxclk_OBUF_BUFG|   0.000|
phyRXD<4>   |    1.481(R)|      SLOW  |   -0.964(R)|      SLOW  |phygtxclk_OBUF_BUFG|   0.000|
phyRXD<5>   |    1.186(R)|      SLOW  |   -0.691(R)|      SLOW  |phygtxclk_OBUF_BUFG|   0.000|
phyRXD<6>   |    1.205(R)|      SLOW  |   -0.702(R)|      SLOW  |phygtxclk_OBUF_BUFG|   0.000|
phyRXD<7>   |    1.296(R)|      SLOW  |   -0.786(R)|      SLOW  |phygtxclk_OBUF_BUFG|   0.000|
------------+------------+------------+------------+------------+-------------------+--------+

Clock phyrxclk to Pad
--------------+-----------------+------------+-----------------+------------+-------------------+--------+
              |Max (slowest) clk|  Process   |Min (fastest) clk|  Process   |                   | Clock  |
Destination   |  (edge) to PAD  |   Corner   |  (edge) to PAD  |   Corner   |Internal Clock(s)  | Phase  |
--------------+-----------------+------------+-----------------+------------+-------------------+--------+
LED<0>        |        12.376(R)|      SLOW  |         7.085(R)|      FAST  |phygtxclk_OBUF_BUFG|   0.000|
phyTXD<0>     |        17.256(R)|      SLOW  |         5.294(R)|      FAST  |phygtxclk_OBUF_BUFG|   0.000|
phyTXD<1>     |        17.541(R)|      SLOW  |         4.870(R)|      FAST  |phygtxclk_OBUF_BUFG|   0.000|
phyTXD<2>     |        18.934(R)|      SLOW  |         5.150(R)|      FAST  |phygtxclk_OBUF_BUFG|   0.000|
phyTXD<3>     |        19.903(R)|      SLOW  |         5.569(R)|      FAST  |phygtxclk_OBUF_BUFG|   0.000|
phyTXD<4>     |        15.400(R)|      SLOW  |         4.533(R)|      FAST  |phygtxclk_OBUF_BUFG|   0.000|
phyTXD<5>     |        15.211(R)|      SLOW  |         4.891(R)|      FAST  |phygtxclk_OBUF_BUFG|   0.000|
phyTXD<6>     |        14.890(R)|      SLOW  |         4.478(R)|      FAST  |phygtxclk_OBUF_BUFG|   0.000|
phyTXD<7>     |        18.264(R)|      SLOW  |         5.091(R)|      FAST  |phygtxclk_OBUF_BUFG|   0.000|
phytxen       |        10.500(R)|      SLOW  |         5.162(R)|      FAST  |phygtxclk_OBUF_BUFG|   0.000|
serial_clk_out|         9.563(R)|      SLOW  |         5.214(R)|      FAST  |phygtxclk_OBUF_BUFG|   0.000|
--------------+-----------------+------------+-----------------+------------+-------------------+--------+

Clock to Setup on destination clock phyrxclk
---------------+---------+---------+---------+---------+
               | Src:Rise| Src:Fall| Src:Rise| Src:Fall|
Source Clock   |Dest:Rise|Dest:Rise|Dest:Fall|Dest:Fall|
---------------+---------+---------+---------+---------+
phyrxclk       |    7.940|         |         |         |
---------------+---------+---------+---------+---------+

Pad to Pad
---------------+---------------+---------+
Source Pad     |Destination Pad|  Delay  |
---------------+---------------+---------+
phyrxclk       |phygtxclk      |    5.248|
---------------+---------------+---------+


Analysis completed Mon Jun 01 15:03:49 2015 
--------------------------------------------------------------------------------

Trace Settings:
-------------------------
Trace Settings 

Peak Memory Usage: 282 MB



